---------------------------------------------------------------------------------------------------------------
       log:  C:\P1-Div\factors as cross-section means oct 28.log
  log type:  text
 opened on:   4 Jul 2005, 17:31:49

. 
. 
. * prelims
. clear

. set mem 128m

Current memory allocation

                    current                                 memory usage
    settable          value     description                 (1M = 1024k)
    --------------------------------------------------------------------
    set maxvar         5000     max. variables allowed           1.733M
    set memory          128M    max. data space                128.000M
    set matsize         400     max. RHS vars in models          1.254M
                                                            -----------
                                                               130.987M

. * we don't need this yet
. * set matsize 3000
. set more off

. 
. use shares_long30, clear

. 
. su sector

    Variable |       Obs        Mean    Std. Dev.       Min        Max
-------------+--------------------------------------------------------
      sector |      3009           2    .8166323          1          3

. global S = r(max)

. su country

    Variable |       Obs        Mean    Std. Dev.       Min        Max
-------------+--------------------------------------------------------
     country |      3009    30.38385    17.06332          1         60

. global J = r(max)

. su year

    Variable |       Obs        Mean    Std. Dev.       Min        Max
-------------+--------------------------------------------------------
        year |      3009    1990.297    5.652809       1980       1999

. global tmin = r(min)

. global tmax = r(max)

. global T = $tmax-$tmin+1

. 
. * calc global factor 
. * though we put it in ind factors and not use it separately
. egen glbf = mean(shock), by(year)
(612 missing values generated)

. 
. * calculate the sectoral means as fixed effect estimates of the industry factors
. egen indf = mean(shock), by(sector year)
(612 missing values generated)

. 
. * calculate country means, this has measurement error!
. egen cntf = mean(shock-indf), by(country year)
(933 missing values generated)

. 
. * calculate even more residuals
. gen epsilon = shock - indf - cntf
(940 missing values generated)

. 
. su epsilon

    Variable |       Obs        Mean    Std. Dev.       Min        Max
-------------+--------------------------------------------------------
     epsilon |      2069   -6.08e-10    .3562923  -3.639615   3.075612

. scalar sigma2 = r(Var)

. 
. * let sigma change with j and s
. * this is denote dnsigma (del negro's sigma)
. * egen dnsigma = sd(epsilon), by(country sector)
. 
. matrix dnsigma2 = J($S,$J,0)

. forval s = 1/$S {
  2.         forval j = 1/$J {
  3.                 su epsilon if (country==`j')&(sector==`s')
  4.                 matrix dnsigma2[`s',`j'] = r(Var)
  5.         }
  6. }

    Variable |       Obs        Mean    Std. Dev.       Min        Max
-------------+--------------------------------------------------------
     epsilon |         5   -.1201173    .1458058  -.2852283   .0566212

    Variable |       Obs        Mean    Std. Dev.       Min        Max
-------------+--------------------------------------------------------
     epsilon |        15    -.012299     .178967  -.2574005   .2426137

    Variable |       Obs        Mean    Std. Dev.       Min        Max
-------------+--------------------------------------------------------
     epsilon |        15    .0062728    .0947259  -.1404076   .2197258

    Variable |       Obs        Mean    Std. Dev.       Min        Max
-------------+--------------------------------------------------------
     epsilon |         5   -.1857502    .3539785  -.5510497   .2820332

    Variable |       Obs        Mean    Std. Dev.       Min        Max
-------------+--------------------------------------------------------
     epsilon |        14    .1902398     .144148   .0017139   .4924413

    Variable |       Obs        Mean    Std. Dev.       Min        Max
-------------+--------------------------------------------------------
     epsilon |        15   -.0064511    .0853066  -.1932068   .1360153

    Variable |       Obs        Mean    Std. Dev.       Min        Max
-------------+--------------------------------------------------------
     epsilon |         5   -.2887649    .3665579  -.5843326   .3287938

    Variable |       Obs        Mean    Std. Dev.       Min        Max
-------------+--------------------------------------------------------
     epsilon |        10    .0425959    .2481315  -.3511683   .4640749

    Variable |       Obs        Mean    Std. Dev.       Min        Max
-------------+--------------------------------------------------------
     epsilon |        15    .0548592    .2652167  -.2674238   .5921289

    Variable |       Obs        Mean    Std. Dev.       Min        Max
-------------+--------------------------------------------------------
     epsilon |        15    .0360091    .1541786  -.1988974   .2924813

    Variable |       Obs        Mean    Std. Dev.       Min        Max
-------------+--------------------------------------------------------
     epsilon |         5    .1521153    .1030763   .0396546   .2507032

    Variable |       Obs        Mean    Std. Dev.       Min        Max
-------------+--------------------------------------------------------
     epsilon |        15    .1597077    .1493404  -.2438396   .3430139

    Variable |       Obs        Mean    Std. Dev.       Min        Max
-------------+--------------------------------------------------------
     epsilon |         8    .0746997    .1579194  -.1690688   .2398506

    Variable |       Obs        Mean    Std. Dev.       Min        Max
-------------+--------------------------------------------------------
     epsilon |        11    .0736295    .1746207   -.222949   .3020815

    Variable |       Obs        Mean    Std. Dev.       Min        Max
-------------+--------------------------------------------------------
     epsilon |        15   -.0321713    .1884184  -.3567816   .2813063

    Variable |       Obs        Mean    Std. Dev.       Min        Max
-------------+--------------------------------------------------------
     epsilon |        10    .0034317    .0801559  -.1124856   .1055551

    Variable |       Obs        Mean    Std. Dev.       Min        Max
-------------+--------------------------------------------------------
     epsilon |        14    .0748474    .1801147  -.1113392     .35052

    Variable |       Obs        Mean    Std. Dev.       Min        Max
-------------+--------------------------------------------------------
     epsilon |         5    .1781581    .2351887  -.1050005    .383416

    Variable |       Obs        Mean    Std. Dev.       Min        Max
-------------+--------------------------------------------------------
     epsilon |         8   -.4281846    .8599929  -1.690244   .8631769

    Variable |       Obs        Mean    Std. Dev.       Min        Max
-------------+--------------------------------------------------------
     epsilon |        15    .0321254    .1028809  -.1312348   .2099372

    Variable |       Obs        Mean    Std. Dev.       Min        Max
-------------+--------------------------------------------------------
     epsilon |        15    .3274906    .4647706  -.1040919   1.088947

    Variable |       Obs        Mean    Std. Dev.       Min        Max
-------------+--------------------------------------------------------
     epsilon |        15    .0833273    .1166325  -.1232322   .2570398

    Variable |       Obs        Mean    Std. Dev.       Min        Max
-------------+--------------------------------------------------------
     epsilon |        11    .0675682    1.917467  -3.002411   3.075612

    Variable |       Obs        Mean    Std. Dev.       Min        Max
-------------+--------------------------------------------------------
     epsilon |        15   -.0200287    .3538875  -.5749311   .4057456

    Variable |       Obs        Mean    Std. Dev.       Min        Max
-------------+--------------------------------------------------------
     epsilon |        15    .1198808    .0867471  -.0229756   .2844332

    Variable |       Obs        Mean    Std. Dev.       Min        Max
-------------+--------------------------------------------------------
     epsilon |        12    .1274694    .2331075   -.220067   .4030854

    Variable |       Obs        Mean    Std. Dev.       Min        Max
-------------+--------------------------------------------------------
     epsilon |        15   -.0013731     .094249  -.1239422   .2354299

    Variable |       Obs        Mean    Std. Dev.       Min        Max
-------------+--------------------------------------------------------
     epsilon |        15    .1113348    .1697869  -.1022081   .3431646

    Variable |       Obs        Mean    Std. Dev.       Min        Max
-------------+--------------------------------------------------------
     epsilon |        15    .0308438    .0821465  -.0794515   .1842596

    Variable |       Obs        Mean    Std. Dev.       Min        Max
-------------+--------------------------------------------------------
     epsilon |        15   -.1783109    .6897529  -1.224837   .3437942

    Variable |       Obs        Mean    Std. Dev.       Min        Max
-------------+--------------------------------------------------------
     epsilon |         5   -.4942305    .2353274   -.737798  -.1239622

    Variable |       Obs        Mean    Std. Dev.       Min        Max
-------------+--------------------------------------------------------
     epsilon |        15    .0829951    .2286289  -.1655203   .4823884

    Variable |       Obs        Mean    Std. Dev.       Min        Max
-------------+--------------------------------------------------------
     epsilon |        11    .0551067    .1202914  -.1159299   .2796711

    Variable |       Obs        Mean    Std. Dev.       Min        Max
-------------+--------------------------------------------------------
     epsilon |         6    .0955222    .2291814  -.2439988   .3252367

    Variable |       Obs        Mean    Std. Dev.       Min        Max
-------------+--------------------------------------------------------
     epsilon |         5    .2621689    .3753113  -.0448525   .7794251

    Variable |       Obs        Mean    Std. Dev.       Min        Max
-------------+--------------------------------------------------------
     epsilon |        15    .0514124    .0964015  -.0937468   .2283953

    Variable |       Obs        Mean    Std. Dev.       Min        Max
-------------+--------------------------------------------------------
     epsilon |        15     .049244    .1829105  -.3078203   .2621767

    Variable |       Obs        Mean    Std. Dev.       Min        Max
-------------+--------------------------------------------------------
     epsilon |         5   -.1149586    .1441427  -.2245654   .1266616

    Variable |       Obs        Mean    Std. Dev.       Min        Max
-------------+--------------------------------------------------------
     epsilon |        15     .071126     .108412  -.1535397   .2366992

    Variable |       Obs        Mean    Std. Dev.       Min        Max
-------------+--------------------------------------------------------
     epsilon |        15    .0609058    .1679552   -.211525   .3364291

    Variable |       Obs        Mean    Std. Dev.       Min        Max
-------------+--------------------------------------------------------
     epsilon |        12   -.5034611     .977791  -2.276549   .6042303

    Variable |       Obs        Mean    Std. Dev.       Min        Max
-------------+--------------------------------------------------------
     epsilon |         5   -1.024585    .6985056  -1.604412   .1747711

    Variable |       Obs        Mean    Std. Dev.       Min        Max
-------------+--------------------------------------------------------
     epsilon |        15    .0811462    .1066276   -.078291   .2697177

    Variable |       Obs        Mean    Std. Dev.       Min        Max
-------------+--------------------------------------------------------
     epsilon |         5    .1790033    .0914885   .0760957   .2918554

    Variable |       Obs        Mean    Std. Dev.       Min        Max
-------------+--------------------------------------------------------
     epsilon |         9   -.0876486    .0647677  -.1621179   .0353788

    Variable |       Obs        Mean    Std. Dev.       Min        Max
-------------+--------------------------------------------------------
     epsilon |        10   -.3322333    .2331799  -.6793864  -.0321471

    Variable |       Obs        Mean    Std. Dev.       Min        Max
-------------+--------------------------------------------------------
     epsilon |        13   -.8078999    1.898178  -3.639615   .7518123

    Variable |       Obs        Mean    Std. Dev.       Min        Max
-------------+--------------------------------------------------------
     epsilon |        15    .1768852    .1299727  -.1589658   .3029104

    Variable |       Obs        Mean    Std. Dev.       Min        Max
-------------+--------------------------------------------------------
     epsilon |        15    .0663666    .1423998  -.1864538   .3244957

    Variable |       Obs        Mean    Std. Dev.       Min        Max
-------------+--------------------------------------------------------
     epsilon |        15    .0063861    .2742421  -.4232017   .5105115

    Variable |       Obs        Mean    Std. Dev.       Min        Max
-------------+--------------------------------------------------------
     epsilon |        15   -.0042142    .2451255  -.4245509   .4598123

    Variable |       Obs        Mean    Std. Dev.       Min        Max
-------------+--------------------------------------------------------
     epsilon |        10   -.2698198    .9901515  -2.168976   .4143834

    Variable |       Obs        Mean    Std. Dev.       Min        Max
-------------+--------------------------------------------------------
     epsilon |         6     .242555    .1889187   .0013414   .4441736

    Variable |       Obs        Mean    Std. Dev.       Min        Max
-------------+--------------------------------------------------------
     epsilon |        15    .0598349    .3605432  -.4808575   .5872153

    Variable |       Obs        Mean    Std. Dev.       Min        Max
-------------+--------------------------------------------------------
     epsilon |        15    .0002553    .1181905  -.2208241   .2195624

    Variable |       Obs        Mean    Std. Dev.       Min        Max
-------------+--------------------------------------------------------
     epsilon |        15    .0950088    .1434051  -.1419334   .4128295

    Variable |       Obs        Mean    Std. Dev.       Min        Max
-------------+--------------------------------------------------------
     epsilon |         6    .1789154    .2080816  -.2044623   .3586185

    Variable |       Obs        Mean    Std. Dev.       Min        Max
-------------+--------------------------------------------------------
     epsilon |         5   -.4537274    .2389608  -.6487014  -.1598737

    Variable |       Obs        Mean    Std. Dev.       Min        Max
-------------+--------------------------------------------------------
     epsilon |         8   -.0652793    .1503226  -.2350551    .171457

    Variable |       Obs        Mean    Std. Dev.       Min        Max
-------------+--------------------------------------------------------
     epsilon |        11    .1559707    .1048247   .0275639   .3454667

    Variable |       Obs        Mean    Std. Dev.       Min        Max
-------------+--------------------------------------------------------
     epsilon |         5    .3103298     .265453   .0470693   .7219541

    Variable |       Obs        Mean    Std. Dev.       Min        Max
-------------+--------------------------------------------------------
     epsilon |        15   -.0077093    .0945178  -.1249744   .1411161

    Variable |       Obs        Mean    Std. Dev.       Min        Max
-------------+--------------------------------------------------------
     epsilon |        15    .0299102    .0557825  -.0534932   .1201791

    Variable |       Obs        Mean    Std. Dev.       Min        Max
-------------+--------------------------------------------------------
     epsilon |         5    .0790072    .1892937  -.1207465   .3345395

    Variable |       Obs        Mean    Std. Dev.       Min        Max
-------------+--------------------------------------------------------
     epsilon |        14   -.0789534     .102376  -.2603481   .0785835

    Variable |       Obs        Mean    Std. Dev.       Min        Max
-------------+--------------------------------------------------------
     epsilon |        15      .00236     .051293  -.0580012   .0874224

    Variable |       Obs        Mean    Std. Dev.       Min        Max
-------------+--------------------------------------------------------
     epsilon |         5    .0500033    .2366459  -.3377397   .2494963

    Variable |       Obs        Mean    Std. Dev.       Min        Max
-------------+--------------------------------------------------------
     epsilon |        10   -.0751476    .1875591  -.4647697   .1714026

    Variable |       Obs        Mean    Std. Dev.       Min        Max
-------------+--------------------------------------------------------
     epsilon |        15   -.1366485    .2006697  -.4567654   .2515501

    Variable |       Obs        Mean    Std. Dev.       Min        Max
-------------+--------------------------------------------------------
     epsilon |        15   -.0134429    .0660687  -.1430791   .0877746

    Variable |       Obs        Mean    Std. Dev.       Min        Max
-------------+--------------------------------------------------------
     epsilon |         5   -.0581605    .0868921  -.1399969   .0866229

    Variable |       Obs        Mean    Std. Dev.       Min        Max
-------------+--------------------------------------------------------
     epsilon |        15   -.1484204    .1252274  -.2900067   .1657219

    Variable |       Obs        Mean    Std. Dev.       Min        Max
-------------+--------------------------------------------------------
     epsilon |         8     .099504    .0330183   .0597175   .1406249

    Variable |       Obs        Mean    Std. Dev.       Min        Max
-------------+--------------------------------------------------------
     epsilon |        11   -.1000148    .1536885  -.3177484    .230367

    Variable |       Obs        Mean    Std. Dev.       Min        Max
-------------+--------------------------------------------------------
     epsilon |        15   -.0336464    .1308928  -.3029693   .1703917

    Variable |       Obs        Mean    Std. Dev.       Min        Max
-------------+--------------------------------------------------------
     epsilon |        10   -.0021748    .0266431  -.0348531   .0432402

    Variable |       Obs        Mean    Std. Dev.       Min        Max
-------------+--------------------------------------------------------
     epsilon |        14   -.0361864    .0772729   -.155965   .0458351

    Variable |       Obs        Mean    Std. Dev.       Min        Max
-------------+--------------------------------------------------------
     epsilon |         7    -.203865    .1723939  -.4572116   .0418503

    Variable |       Obs        Mean    Std. Dev.       Min        Max
-------------+--------------------------------------------------------
     epsilon |         8    .1785912    .3950934  -.3982947   .8611037

    Variable |       Obs        Mean    Std. Dev.       Min        Max
-------------+--------------------------------------------------------
     epsilon |        15   -.0001028    .0504019  -.1158215   .0898351

    Variable |       Obs        Mean    Std. Dev.       Min        Max
-------------+--------------------------------------------------------
     epsilon |        15   -.1516592    .2292381  -.5478095   .0765625

    Variable |       Obs        Mean    Std. Dev.       Min        Max
-------------+--------------------------------------------------------
     epsilon |        15     -.04498    .0675486  -.1628631   .0468213

    Variable |       Obs        Mean    Std. Dev.       Min        Max
-------------+--------------------------------------------------------
     epsilon |        11    .0390743    .8248782  -1.274162   1.404707

    Variable |       Obs        Mean    Std. Dev.       Min        Max
-------------+--------------------------------------------------------
     epsilon |        15    .0204454    .1779175  -.1760134   .3046465

    Variable |       Obs        Mean    Std. Dev.       Min        Max
-------------+--------------------------------------------------------
     epsilon |        15   -.0236914    .0617737  -.1247703   .0810448

    Variable |       Obs        Mean    Std. Dev.       Min        Max
-------------+--------------------------------------------------------
     epsilon |        12   -.0955483    .1957261  -.3045133   .4107013

    Variable |       Obs        Mean    Std. Dev.       Min        Max
-------------+--------------------------------------------------------
     epsilon |        15    .0522537    .0542117  -.0429076   .1511732

    Variable |       Obs        Mean    Std. Dev.       Min        Max
-------------+--------------------------------------------------------
     epsilon |        15   -.0827718     .113185  -.2464674   .0672031

    Variable |       Obs        Mean    Std. Dev.       Min        Max
-------------+--------------------------------------------------------
     epsilon |        15    -.046691    .0651572  -.1758526   .0402008

    Variable |       Obs        Mean    Std. Dev.       Min        Max
-------------+--------------------------------------------------------
     epsilon |        15    .0618351    .3050839  -.2331295   .5461646

    Variable |       Obs        Mean    Std. Dev.       Min        Max
-------------+--------------------------------------------------------
     epsilon |         5    .1073071    .1396252  -.0497705   .3316088

    Variable |       Obs        Mean    Std. Dev.       Min        Max
-------------+--------------------------------------------------------
     epsilon |        15   -.0573246    .1326538  -.2977774   .0673694

    Variable |       Obs        Mean    Std. Dev.       Min        Max
-------------+--------------------------------------------------------
     epsilon |        11   -.0466417    .1201272  -.2320064   .0964104

    Variable |       Obs        Mean    Std. Dev.       Min        Max
-------------+--------------------------------------------------------
     epsilon |         6    .0081504    .1771969  -.1731459   .3150532

    Variable |       Obs        Mean    Std. Dev.       Min        Max
-------------+--------------------------------------------------------
     epsilon |         5   -.0646446     .126133  -.2446346    .026821

    Variable |       Obs        Mean    Std. Dev.       Min        Max
-------------+--------------------------------------------------------
     epsilon |        15   -.0258552    .0561041   -.136651   .0697724

    Variable |       Obs        Mean    Std. Dev.       Min        Max
-------------+--------------------------------------------------------
     epsilon |        15    -.021028    .1094686  -.1835162   .1484054

    Variable |       Obs        Mean    Std. Dev.       Min        Max
-------------+--------------------------------------------------------
     epsilon |         5    .0083723    .0993064  -.1539735   .1108755

    Variable |       Obs        Mean    Std. Dev.       Min        Max
-------------+--------------------------------------------------------
     epsilon |        15   -.0304186    .1117297  -.2498215   .1511806

    Variable |       Obs        Mean    Std. Dev.       Min        Max
-------------+--------------------------------------------------------
     epsilon |        15    .0240344    .0853195  -.1228431   .1213461

    Variable |       Obs        Mean    Std. Dev.       Min        Max
-------------+--------------------------------------------------------
     epsilon |        12     .293841    .4751185  -.2022582   1.144748

    Variable |       Obs        Mean    Std. Dev.       Min        Max
-------------+--------------------------------------------------------
     epsilon |         5    .6774338    .3896792   .0101229   1.019505

    Variable |       Obs        Mean    Std. Dev.       Min        Max
-------------+--------------------------------------------------------
     epsilon |        15   -.1080824    .0549717  -.2104691  -.0026387

    Variable |       Obs        Mean    Std. Dev.       Min        Max
-------------+--------------------------------------------------------
     epsilon |         5   -.1165054    .0659375  -.2028241  -.0512859

    Variable |       Obs        Mean    Std. Dev.       Min        Max
-------------+--------------------------------------------------------
     epsilon |         9    .0473575    .0382534   .0064186   .1113027

    Variable |       Obs        Mean    Std. Dev.       Min        Max
-------------+--------------------------------------------------------
     epsilon |        10    .2633493    .3012264  -.1988544   .6793864

    Variable |       Obs        Mean    Std. Dev.       Min        Max
-------------+--------------------------------------------------------
     epsilon |        13    .3547278    .8444119  -.3600472   1.654819

    Variable |       Obs        Mean    Std. Dev.       Min        Max
-------------+--------------------------------------------------------
     epsilon |        15   -.0862538    .0781993   -.162619   .0936076

    Variable |       Obs        Mean    Std. Dev.       Min        Max
-------------+--------------------------------------------------------
     epsilon |        15   -.0127187    .0732049  -.1581039   .1165963

    Variable |       Obs        Mean    Std. Dev.       Min        Max
-------------+--------------------------------------------------------
     epsilon |        15    .0362873    .1797166   -.174418   .4286393

    Variable |       Obs        Mean    Std. Dev.       Min        Max
-------------+--------------------------------------------------------
     epsilon |        15    .0171789    .2306558  -.3964521   .3205929

    Variable |       Obs        Mean    Std. Dev.       Min        Max
-------------+--------------------------------------------------------
     epsilon |        10    .0873265    .5542434  -.3340207   1.135597

    Variable |       Obs        Mean    Std. Dev.       Min        Max
-------------+--------------------------------------------------------
     epsilon |         6   -.0766257    .1415008  -.2421674   .1227825

    Variable |       Obs        Mean    Std. Dev.       Min        Max
-------------+--------------------------------------------------------
     epsilon |        15    -.047832    .2173966  -.3596253   .2958376

    Variable |       Obs        Mean    Std. Dev.       Min        Max
-------------+--------------------------------------------------------
     epsilon |        15   -.0190961     .050228  -.1312818   .0531508

    Variable |       Obs        Mean    Std. Dev.       Min        Max
-------------+--------------------------------------------------------
     epsilon |        15   -.0406345    .2075152  -.4146163   .1773377

    Variable |       Obs        Mean    Std. Dev.       Min        Max
-------------+--------------------------------------------------------
     epsilon |         6   -.2497232    .1332044  -.4595652  -.0520928

    Variable |       Obs        Mean    Std. Dev.       Min        Max
-------------+--------------------------------------------------------
     epsilon |         5    .2281282    .0694972   .1082958   .2759632

    Variable |       Obs        Mean    Std. Dev.       Min        Max
-------------+--------------------------------------------------------
     epsilon |         8    .0616643    .2222691  -.1933001   .3069007

    Variable |       Obs        Mean    Std. Dev.       Min        Max
-------------+--------------------------------------------------------
     epsilon |        11   -.0470925    .0896678  -.1553081   .1270442

    Variable |       Obs        Mean    Std. Dev.       Min        Max
-------------+--------------------------------------------------------
     epsilon |         5   -.1902125    .2353122  -.4835126    .078208

    Variable |       Obs        Mean    Std. Dev.       Min        Max
-------------+--------------------------------------------------------
     epsilon |        15    .0200083    .1005659  -.1282381   .1401406

    Variable |       Obs        Mean    Std. Dev.       Min        Max
-------------+--------------------------------------------------------
     epsilon |        15   -.0361831    .0887313  -.2015785   .1150453

    Variable |       Obs        Mean    Std. Dev.       Min        Max
-------------+--------------------------------------------------------
     epsilon |         5     .106743    .2348349  -.1612867     .45798

    Variable |       Obs        Mean    Std. Dev.       Min        Max
-------------+--------------------------------------------------------
     epsilon |        14   -.1112864    .1696824  -.2980352   .1770606

    Variable |       Obs        Mean    Std. Dev.       Min        Max
-------------+--------------------------------------------------------
     epsilon |        15    .0040911    .0647312  -.1105058   .1057844

    Variable |       Obs        Mean    Std. Dev.       Min        Max
-------------+--------------------------------------------------------
     epsilon |         5    .2387616    .1324029   .0089459   .3348363

    Variable |       Obs        Mean    Std. Dev.       Min        Max
-------------+--------------------------------------------------------
     epsilon |        10    .0325517    .1304096  -.1081244   .2614987

    Variable |       Obs        Mean    Std. Dev.       Min        Max
-------------+--------------------------------------------------------
     epsilon |        15    .0817893    .2053232  -.2778564   .3331421

    Variable |       Obs        Mean    Std. Dev.       Min        Max
-------------+--------------------------------------------------------
     epsilon |        15   -.0225661    .1037303  -.2187783   .1111228

    Variable |       Obs        Mean    Std. Dev.       Min        Max
-------------+--------------------------------------------------------
     epsilon |         5   -.0939548    .1316509  -.2761883   .0573838

    Variable |       Obs        Mean    Std. Dev.       Min        Max
-------------+--------------------------------------------------------
     epsilon |        15   -.0112873    .0824133  -.1515419   .1446932

    Variable |       Obs        Mean    Std. Dev.       Min        Max
-------------+--------------------------------------------------------
     epsilon |         8   -.1742037    .1519293  -.3386326   .0630151

    Variable |       Obs        Mean    Std. Dev.       Min        Max
-------------+--------------------------------------------------------
     epsilon |        11    .0263852    .1127474  -.1743579   .1784517

    Variable |       Obs        Mean    Std. Dev.       Min        Max
-------------+--------------------------------------------------------
     epsilon |        15    .0658178    .2333676  -.2352125   .4117267

    Variable |       Obs        Mean    Std. Dev.       Min        Max
-------------+--------------------------------------------------------
     epsilon |        10   -.0012568    .0797601  -.0920776   .1324006

    Variable |       Obs        Mean    Std. Dev.       Min        Max
-------------+--------------------------------------------------------
     epsilon |        14    -.038661    .1063224   -.194555   .0959641

    Variable |       Obs        Mean    Std. Dev.       Min        Max
-------------+--------------------------------------------------------
     epsilon |         7    .0766092    .0881992  -.0474457   .1826137

    Variable |       Obs        Mean    Std. Dev.       Min        Max
-------------+--------------------------------------------------------
     epsilon |         8    .2495934    .4752212  -.4648822   .8291401

    Variable |       Obs        Mean    Std. Dev.       Min        Max
-------------+--------------------------------------------------------
     epsilon |        15   -.0320226    .0778796  -.1634174   .0829678

    Variable |       Obs        Mean    Std. Dev.       Min        Max
-------------+--------------------------------------------------------
     epsilon |        15   -.1758314    .2370953  -.5411376   .0696188

    Variable |       Obs        Mean    Std. Dev.       Min        Max
-------------+--------------------------------------------------------
     epsilon |        15   -.0383474    .0652977  -.1401552   .0792074

    Variable |       Obs        Mean    Std. Dev.       Min        Max
-------------+--------------------------------------------------------
     epsilon |        11   -.1066425    1.097004   -1.80145   1.597703

    Variable |       Obs        Mean    Std. Dev.       Min        Max
-------------+--------------------------------------------------------
     epsilon |        15   -.0004168    .1853036  -.2640697   .2702846

    Variable |       Obs        Mean    Std. Dev.       Min        Max
-------------+--------------------------------------------------------
     epsilon |        15   -.0961895    .0630327  -.2491951  -.0192419

    Variable |       Obs        Mean    Std. Dev.       Min        Max
-------------+--------------------------------------------------------
     epsilon |        12    -.031921    .2502815  -.3773142   .3461852

    Variable |       Obs        Mean    Std. Dev.       Min        Max
-------------+--------------------------------------------------------
     epsilon |        15   -.0508806    .0709505  -.1925224   .0469126

    Variable |       Obs        Mean    Std. Dev.       Min        Max
-------------+--------------------------------------------------------
     epsilon |        15    -.028563    .0716889  -.1579479   .0545477

    Variable |       Obs        Mean    Std. Dev.       Min        Max
-------------+--------------------------------------------------------
     epsilon |        15    .0158471    .0388711  -.0406253   .0862484

    Variable |       Obs        Mean    Std. Dev.       Min        Max
-------------+--------------------------------------------------------
     epsilon |        15    .1164757    .3939589  -.2787284   .7067078

    Variable |       Obs        Mean    Std. Dev.       Min        Max
-------------+--------------------------------------------------------
     epsilon |         5    .3869234    .1465663   .1737327   .5604348

    Variable |       Obs        Mean    Std. Dev.       Min        Max
-------------+--------------------------------------------------------
     epsilon |        15   -.0256705    .1214232  -.1857371   .1729979

    Variable |       Obs        Mean    Std. Dev.       Min        Max
-------------+--------------------------------------------------------
     epsilon |        11    -.008465    .1108875  -.2515848   .1527789

    Variable |       Obs        Mean    Std. Dev.       Min        Max
-------------+--------------------------------------------------------
     epsilon |         6   -.1036727    .1318155  -.2080514   .1506608

    Variable |       Obs        Mean    Std. Dev.       Min        Max
-------------+--------------------------------------------------------
     epsilon |         5   -.1975243    .3236532  -.5639499   .0978794

    Variable |       Obs        Mean    Std. Dev.       Min        Max
-------------+--------------------------------------------------------
     epsilon |        15   -.0255572    .0656255  -.1422962   .1218312

    Variable |       Obs        Mean    Std. Dev.       Min        Max
-------------+--------------------------------------------------------
     epsilon |        15   -.0282161    .0923923    -.12355   .1893606

    Variable |       Obs        Mean    Std. Dev.       Min        Max
-------------+--------------------------------------------------------
     epsilon |         5    .1065863    .0577329   .0273119   .1665157

    Variable |       Obs        Mean    Std. Dev.       Min        Max
-------------+--------------------------------------------------------
     epsilon |        15   -.0407074    .0789322  -.1364883   .1013568

    Variable |       Obs        Mean    Std. Dev.       Min        Max
-------------+--------------------------------------------------------
     epsilon |        15   -.0849402     .118615  -.2175561   .1257712

    Variable |       Obs        Mean    Std. Dev.       Min        Max
-------------+--------------------------------------------------------
     epsilon |        12    .2096201    .5095909  -.4019722     1.1318

    Variable |       Obs        Mean    Std. Dev.       Min        Max
-------------+--------------------------------------------------------
     epsilon |         5    .3471509     .309623   -.184894   .5849071

    Variable |       Obs        Mean    Std. Dev.       Min        Max
-------------+--------------------------------------------------------
     epsilon |        15    .0269362    .0709849  -.0939937   .1526252

    Variable |       Obs        Mean    Std. Dev.       Min        Max
-------------+--------------------------------------------------------
     epsilon |         5   -.0624979    .0529172  -.1250762   .0070218

    Variable |       Obs        Mean    Std. Dev.       Min        Max
-------------+--------------------------------------------------------
     epsilon |         9    .0402911     .066604  -.0806319   .0996065

    Variable |       Obs        Mean    Std. Dev.       Min        Max
-------------+--------------------------------------------------------
     epsilon |         5     .137768     .148405  -.0385318   .3333637

    Variable |       Obs        Mean    Std. Dev.       Min        Max
-------------+--------------------------------------------------------
     epsilon |        13    .4531721    1.055635  -.3917652   2.020976

    Variable |       Obs        Mean    Std. Dev.       Min        Max
-------------+--------------------------------------------------------
     epsilon |        15   -.0906314    .0656909  -.1679937   .0653582

    Variable |       Obs        Mean    Std. Dev.       Min        Max
-------------+--------------------------------------------------------
     epsilon |        15   -.0536479      .07871  -.1913631   .0860087

    Variable |       Obs        Mean    Std. Dev.       Min        Max
-------------+--------------------------------------------------------
     epsilon |        15   -.0426734    .1771187  -.3459826     .17355

    Variable |       Obs        Mean    Std. Dev.       Min        Max
-------------+--------------------------------------------------------
     epsilon |        15   -.0129647    .1510136  -.2427281   .3148912

    Variable |       Obs        Mean    Std. Dev.       Min        Max
-------------+--------------------------------------------------------
     epsilon |        10    .1824933     .439953  -.1220565   1.033379

    Variable |       Obs        Mean    Std. Dev.       Min        Max
-------------+--------------------------------------------------------
     epsilon |         6   -.1659293      .09706  -.2227076   .0276402

    Variable |       Obs        Mean    Std. Dev.       Min        Max
-------------+--------------------------------------------------------
     epsilon |        15    -.012003    .1487708  -.3059567   .2095786

    Variable |       Obs        Mean    Std. Dev.       Min        Max
-------------+--------------------------------------------------------
     epsilon |        15    .0188407    .0827504  -.1000885   .2018645

    Variable |       Obs        Mean    Std. Dev.       Min        Max
-------------+--------------------------------------------------------
     epsilon |        15   -.0543743    .2086009  -.3343035   .3140849

    Variable |       Obs        Mean    Std. Dev.       Min        Max
-------------+--------------------------------------------------------
     epsilon |         6    .0708079    .1779808  -.1257014   .2805871

    Variable |       Obs        Mean    Std. Dev.       Min        Max
-------------+--------------------------------------------------------
     epsilon |         5    .2255992    .2677228  -.0726875   .5062032

    Variable |       Obs        Mean    Std. Dev.       Min        Max
-------------+--------------------------------------------------------
     epsilon |         8     .003615    .2103986  -.4043201   .2065114

    Variable |       Obs        Mean    Std. Dev.       Min        Max
-------------+--------------------------------------------------------
     epsilon |        11   -.1088782    .0819282  -.2114583   .0467779

. 
. save factors_temp30, replace
file factors_temp30.dta saved

. 
. * save country correspondence
. collapse (count) epsilon, by(cnum country)

. drop epsilon

. sort cnum

. save countries30, replace
file countries30.dta saved

. 
. use factors_temp30, clear

. 
. collapse (mean) indf, by(sector year)

. ren indf Fs

. reshape wide Fs, i(year) j(sector)
(note: j = 1 2 3)

Data                               long   ->   wide
-----------------------------------------------------------------------------
Number of obs.                       60   ->      20
Number of variables                   3   ->       4
j variable (3 values)            sector   ->   (dropped)
xij variables:
                                     Fs   ->   Fs1 Fs2 Fs3
-----------------------------------------------------------------------------

. 
. sort year

. save indfactors_wide30, replace
file indfactors_wide30.dta saved

. 
. 
. * do the same for cnt factors
. use factors_temp30

. 
. collapse (mean) cntf, by(country year)

. ren cntf Fc

. reshape wide Fc, i(year) j(country)
(note: j = 1 2 3 4 5 6 7 8 9 10 11 12 13 14 15 16 17 18 19 20 21 22 23 24 25 26 27 28 29 30 31 32 33 34 35 36
>  37 38 39 40 41 42 43 44 45 46 47 48 49 50 51 52 53 54 55 56 57 58 59 60)

Data                               long   ->   wide
-----------------------------------------------------------------------------
Number of obs.                     1003   ->      20
Number of variables                   3   ->      61
j variable (60 values)          country   ->   (dropped)
xij variables:
                                     Fc   ->   Fc1 Fc2 ... Fc60
-----------------------------------------------------------------------------

. 
. sort year

. merge year using indfactors_wide30

. tab _

     _merge |      Freq.     Percent        Cum.
------------+-----------------------------------
          3 |         20      100.00      100.00
------------+-----------------------------------
      Total |         20      100.00

. drop _

. 
. * how many countries in a year?
. egen Jt = robs(Fc*)

. 
. sort year

. save allfactors_wide30, replace 
file allfactors_wide30.dta saved

. 
. keep year Jt

. sort year

. save Jt, replace
file Jt.dta saved

. 
. log close
       log:  C:\P1-Div\factors as cross-section means oct 28.log
  log type:  text
 closed on:   4 Jul 2005, 17:31:50
-------------------------------------------------------------------------------------------------------------
