---------------------------------------------------------------------------------------------------------------------------------------
       log:  C:\P1-Div\regresss_RISK.log
  log type:  text
 opened on:  13 Jul 2005, 11:41:05

. 
. use minimumvariance, clear

. 
. tsset, clear

. iis country

. tis year

. 
. drop if rgdpch==0
(0 observations deleted)

. 
. gen loggdp = log(rgdpch)
(3924 missing values generated)

. gen loggdp2 = log(rgdpch)^2
(3924 missing values generated)

. 
. label var loggdp "Log Real GDP per capita (PPP)"

. label var loggdp2 "Log Real GDP per capita squared"

. 
. 
. label var dnHERF "Weighted Herfindahl index"

. label var SECT "Sectoral risk"

. label var TAU2 "Country risk"

. label var dnRISK "Overall risk"

. label var COV "Country-Sector Covariance"

. 
. 
. 
. 
. reg dnHERF SECT, cluster(country)

Regression with robust standard errors                 Number of obs =     334
                                                       F(  1,    13) =    1.68
                                                       Prob > F      =  0.2174
                                                       R-squared     =  0.2734
Number of clusters (country) = 14                      Root MSE      =  .00066

------------------------------------------------------------------------------
             |               Robust
      dnHERF |      Coef.   Std. Err.      t    P>|t|     [95% Conf. Interval]
-------------+----------------------------------------------------------------
        SECT |   .9496923   .7326497     1.30   0.217    -.6331011    2.532486
       _cons |  -.0066599   .0057323    -1.16   0.266    -.0190437     .005724
------------------------------------------------------------------------------

. outreg using reg_risk1, se bdec(5) coefastr replace
unrecognized command:  outreg
r(199);

end of do-file
r(199);

